// Vitest Snapshot v1, https://vitest.dev/guide/snapshot.html

exports[`typescript/type-alias/allman > extending a type via intersections 1`] = `
"type Animal = {
  name: string;
};

type Bear = Animal & {
  honey: boolean;
};
"
`;

exports[`typescript/type-alias/allman > type alias 1`] = `
"type Point = {
  x: number;
  y: number;
};
"
`;
