// Vitest Snapshot v1, https://vitest.dev/guide/snapshot.html

exports[`comments that contain the phrase \`prettier-ignore\` but do not prevent formatting 1`] = `
"/**
 * prettier-ignore
 */
h1,
h2,
h3,
h4,
h5,
h6 {
  font-family: "Helvetica", "Arial";
}
"
`;

exports[`ignore comment (1) 1`] = `
"/* prettier-ignore */
#blue { background-color: skyblue; }
"
`;

exports[`ignore comment (2) 1`] = `
"@keyframes slide-and-fade {
  /* prettier-ignore */
  from { transform: translateX(0); opacity: 0; }
  50% {
    opacity: 1;
  }
  to {
    transform: translateX(50vw);
    opacity: 0;
  }
}
"
`;
