// Vitest Snapshot v1, https://vitest.dev/guide/snapshot.html

exports[`babel/export/allman > default export (1) > practical 1`] = `
"export default {};
"
`;

exports[`babel/export/allman > default export (2) > practical 1`] = `
"export default { foo: "bar" };
"
`;

exports[`babel/export/allman > default export (3) > practical 1`] = `
"export default {
  foo: "bar",
  baz,
};
"
`;

exports[`babel/export/allman > named export (1) > practical 1`] = `
"export {};
"
`;

exports[`babel/export/allman > named export (2) > practical 1`] = `
"export { foo };
"
`;

exports[`babel/export/allman > named export (3) > practical 1`] = `
"export { foo, bar as baz };
"
`;
