// Vitest Snapshot v1, https://vitest.dev/guide/snapshot.html

exports[`typescript/others/allman > endOfLine: crlf 1`] = `
"if (foo)
{
  bar();
}
else
{
  baz();
}
"
`;

exports[`typescript/others/allman > tabWidth: 4 1`] = `
"if (foo)
{
    bar();
}
else
{
    baz();
}
"
`;

exports[`typescript/others/allman > useTabs: true 1`] = `
"if (foo)
{
	bar();
}
else
{
	baz();
}
"
`;
