// Vitest Snapshot v1, https://vitest.dev/guide/snapshot.html

exports[`typescript/others/stroustrup > endOfLine: crlf 1`] = `
"if (foo) {
  bar();
}
else {
  baz();
}
"
`;

exports[`typescript/others/stroustrup > tabWidth: 4 1`] = `
"if (foo) {
    bar();
}
else {
    baz();
}
"
`;

exports[`typescript/others/stroustrup > useTabs: true 1`] = `
"if (foo) {
	bar();
}
else {
	baz();
}
"
`;
