// Vitest Snapshot v1, https://vitest.dev/guide/snapshot.html

exports[`babel/comment/stroustrup > multi line comment > practical 1`] = `
"/*
if (foo) {
  bar();
} else {
  baz();
}
*/
"
`;

exports[`babel/comment/stroustrup > single line comment (1) > practical 1`] = `
"//class Foo {}
"
`;

exports[`babel/comment/stroustrup > single line comment (2) - applied to multi line > practical 1`] = `
"// function foo() {
//   bar;
// }
"
`;
