// Vitest Snapshot v1, https://vitest.dev/guide/snapshot.html

exports[`class declaration (1) - empty method 1`] = `
"class BaseQueue {
  onFlush() {}

  onFlushFail() {}

  onFlushSuccess() {}
}
"
`;

exports[`class declaration (2) - static things 1`] = `
"class ClassWithStatic {
  static staticMethod() {}
  static {}
}
"
`;

exports[`destructuring assignment with default value 1`] = `
"const renderComponent = ({ handleSubmit = () => {}, errors }) => {
  const ref = React.createRef();

  return render(
    <StyleErrorsContextProvider initialState={errors}>
      <PublishButton formRef={ref} handleSubmit={handleSubmit} />
    </StyleErrorsContextProvider>,
  );
};
"
`;

exports[`do...while 1`] = `
"do {} while (i < 5);
"
`;

exports[`for 1`] = `
"for (let i = 0; i < 9; i++) {}
"
`;

exports[`if...elseif...else 1`] = `
"if (foo) {
} else if (baz) {
} else {
}
"
`;

exports[`labeled block 1`] = `
"foo: {
}
"
`;

exports[`object assignment 1`] = `
"const foo = {
  bar: {},
};
"
`;

exports[`switch (1) 1`] = `
"switch (expr) {
}
"
`;

exports[`switch (2) - case with block 1`] = `
"switch (action) {
  case "say_hello": {
  }
  case "say_hi": {
  }
  default: {
  }
}
"
`;

exports[`try...catch...finally 1`] = `
"try {
} catch (ex) {
} finally {
}
"
`;

exports[`while 1`] = `
"while (n < 3) {}
"
`;
