// Vitest Snapshot v1, https://vitest.dev/guide/snapshot.html

exports[`astro/template-literal/stroustrup > nested template literal 1`] = `
"---
const x = \`foo: \${
  1 +
  (function () {
    return 2;
  })() +
  3
}\`;
---

<script>
  const x = \`foo: \${
    1 +
    (function () {
      return 2;
    })() +
    3
  }\`;
</script>
"
`;

exports[`astro/template-literal/stroustrup > template literal 1`] = `
"---
const x = \`
if (condition1) {
  foo
} else if (condition2) {
  bar
}
else
{
  baz
}
\`;
---

<script>
  const x = \`
if (condition1) {
  foo
} else if (condition2) {
  bar
}
else
{
  baz
}
\`;
</script>
"
`;
