// Vitest Snapshot v1, https://vitest.dev/guide/snapshot.html

exports[`endOfLine: crlf 1`] = `
"<script lang="ts">
  if (foo)
  {
    bar();
  }
  else
  {
    baz();
  }
</script>

<template>
  <button
    type="button"
    on:click={() =>
    {
      if (foo)
      {
        bar();
      }
      else
      {
        baz();
      }
    }}
  >
    Click Me
  </button>
</template>
"
`;

exports[`tabWidth: 4 1`] = `
"<script lang="ts">
    if (foo)
    {
        bar();
    }
    else
    {
        baz();
    }
</script>

<template>
    <button
        type="button"
        on:click={() =>
        {
            if (foo)
            {
                bar();
            }
            else
            {
                baz();
            }
        }}
    >
        Click Me
    </button>
</template>
"
`;

exports[`useTabs: true 1`] = `
"<script lang="ts">
	if (foo)
	{
		bar();
	}
	else
	{
		baz();
	}
</script>

<template>
	<button
		type="button"
		on:click={() =>
		{
			if (foo)
			{
				bar();
			}
			else
			{
				baz();
			}
		}}
	>
		Click Me
	</button>
</template>
"
`;
