// Vitest Snapshot v1, https://vitest.dev/guide/snapshot.html

exports[`typescript/module/1tbs > ambient module 1`] = `
"declare module "url" {
  export interface Url {
    protocol?: string;
    hostname?: string;
    pathname?: string;
  }

  export function parse(
    urlStr: string,
    parseQueryString?,
    slashesDenoteHost?,
  ): Url;
}
"
`;
