// Vitest Snapshot v1, https://vitest.dev/guide/snapshot.html

exports[`alias 1`] = `
"namespace Shapes
{
  export namespace Polygons
  {
    export class Triangle
    {}
    export class Square
    {}
  }
}

import polygons = Shapes.Polygons;
let sq = new polygons.Square(); // Same as 'new Shapes.Polygons.Square()'
"
`;

exports[`ambient namespace 1`] = `
"declare namespace D3
{
  export interface Selectors
  {
    select: {
      (selector: string): Selection;
      (element: EventTarget): Selection;
    };
  }
}
"
`;

exports[`namespacing 1`] = `
"namespace Validation
{
  export interface StringValidator
  {
    isAcceptable(s: string): boolean;
  }
}
"
`;
