// Vitest Snapshot v1, https://vitest.dev/guide/snapshot.html

exports[`typescript/interface/1tbs > extending an interface 1`] = `
"interface Animal {
  name: string;
}

interface Bear extends Animal {
  honey: boolean;
}
"
`;

exports[`typescript/interface/1tbs > interface declaration 1`] = `
"interface Point {
  x: number;
  y: number;
}
"
`;
