// Vitest Snapshot v1, https://vitest.dev/guide/snapshot.html

exports[`babel/for/allman > for > practical 1`] = `
"for (let i = 0; i < 9; i++)
{
  console.log(i);
  // more statements
}
"
`;

exports[`babel/for/allman > for await...of > practical 1`] = `
"async function* asyncGenerator()
{
  let i = 0;
  while (i < 3)
  {
    yield i++;
  }
}

(async () =>
{
  for await (const num of asyncGenerator())
  {
    console.log(num);
  }
})();
"
`;

exports[`babel/for/allman > for...in > practical 1`] = `
"const obj = { a: 1, b: 2, c: 3 };

for (const prop in obj)
{
  console.log(\`\${prop}: \${obj[prop]}\`);
}
"
`;

exports[`babel/for/allman > for...of > practical 1`] = `
"const array1 = ["a", "b", "c"];

for (const element of array1)
{
  console.log(element);
}
"
`;
