// Vitest Snapshot v1, https://vitest.dev/guide/snapshot.html

exports[`default export (1) 1`] = `
"export default {};
"
`;

exports[`default export (2) 1`] = `
"export default { foo: "bar" };
"
`;

exports[`default export (3) 1`] = `
"export default {
  foo: "bar",
  baz,
};
"
`;

exports[`named export (1) 1`] = `
"export {};
"
`;

exports[`named export (2) 1`] = `
"export { foo };
"
`;

exports[`named export (3) 1`] = `
"export { foo, bar as baz };
"
`;
