// Vitest Snapshot v1, https://vitest.dev/guide/snapshot.html

exports[`astro/others/1tbs > endOfLine: crlf 1`] = `
"---
if (foo) {
  bar();
} else {
  baz();
}
---

<script>
  if (foo) {
    bar();
  } else {
    baz();
  }
</script>
"
`;

exports[`astro/others/1tbs > tabWidth: 4 1`] = `
"---
if (foo) {
    bar();
} else {
    baz();
}
---

<script>
    if (foo) {
        bar();
    } else {
        baz();
    }
</script>
"
`;

exports[`astro/others/1tbs > useTabs: true 1`] = `
"---
if (foo) {
	bar();
} else {
	baz();
}
---

<script>
	if (foo) {
		bar();
	} else {
		baz();
	}
</script>
"
`;
