// Vitest Snapshot v1, https://vitest.dev/guide/snapshot.html

exports[`typescript/import/1tbs > named import (1) 1`] = `
"import { foo } from "foo";
"
`;

exports[`typescript/import/1tbs > named import (2) 1`] = `
"import { foo, bar, baz } from "foo";
"
`;

exports[`typescript/import/1tbs > named import (3) 1`] = `
"import {
  foo,
  bar,
  baz,
  foobar,
  fooBaz,
  barFoo,
  barBaz,
  bazFoo,
  bazBar,
  fooBarBaz,
} from "foo";
"
`;
